C:\Users\rkbak\OneDrive\Documents\Github\DEER-Prototypes-EnergyPlus\templates\energyplus\templates\system\ahu.idf                 
C:\Users\rkbak\OneDrive\Documents\Github\DEER-Prototypes-EnergyPlus\templates\energyplus\templates\system\graywaterrecycle.idf    
C:\Users\rkbak\OneDrive\Documents\Github\DEER-Prototypes-EnergyPlus\templates\energyplus\templates\system\sourcewater.idf
C:\Users\rkbak\OneDrive\Documents\Github\DEER-Prototypes-EnergyPlus\templates\energyplus\templates\system\chw.idf                 
C:\Users\rkbak\OneDrive\Documents\Github\DEER-Prototypes-EnergyPlus\templates\energyplus\templates\system\groundloophx.idf        
C:\Users\rkbak\OneDrive\Documents\Github\DEER-Prototypes-EnergyPlus\templates\energyplus\templates\system\unitary.idf
C:\Users\rkbak\OneDrive\Documents\Github\DEER-Prototypes-EnergyPlus\templates\energyplus\templates\system\clearwaterharvest.idf   
C:\Users\rkbak\OneDrive\Documents\Github\DEER-Prototypes-EnergyPlus\templates\energyplus\templates\system\hw.idf                  
C:\Users\rkbak\OneDrive\Documents\Github\DEER-Prototypes-EnergyPlus\templates\energyplus\templates\system\vrfc.idf
C:\Users\rkbak\OneDrive\Documents\Github\DEER-Prototypes-EnergyPlus\templates\energyplus\templates\system\cw.idf                  
C:\Users\rkbak\OneDrive\Documents\Github\DEER-Prototypes-EnergyPlus\templates\energyplus\templates\system\rac.idf                 
C:\Users\rkbak\OneDrive\Documents\Github\DEER-Prototypes-EnergyPlus\templates\energyplus\templates\system\dhw.idf                 
C:\Users\rkbak\OneDrive\Documents\Github\DEER-Prototypes-EnergyPlus\templates\energyplus\templates\system\solarhotwater.idf       
