C:\Users\rkbak\OneDrive\Documents\Github\DEER-Prototypes-EnergyPlus\templates\energyplus\templates\constructions.idf         
C:\Users\rkbak\OneDrive\Documents\Github\DEER-Prototypes-EnergyPlus\templates\energyplus\templates\general.idf               
C:\Users\rkbak\OneDrive\Documents\Github\DEER-Prototypes-EnergyPlus\templates\energyplus\templates\ref-sys-comp.idf
C:\Users\rkbak\OneDrive\Documents\Github\DEER-Prototypes-EnergyPlus\templates\energyplus\templates\crossmixing.idf           
C:\Users\rkbak\OneDrive\Documents\Github\DEER-Prototypes-EnergyPlus\templates\energyplus\templates\holidays.idf              
C:\Users\rkbak\OneDrive\Documents\Github\DEER-Prototypes-EnergyPlus\templates\energyplus\templates\ref-sys.idf
C:\Users\rkbak\OneDrive\Documents\Github\DEER-Prototypes-EnergyPlus\templates\energyplus\templates\daylight-controls.idf     
C:\Users\rkbak\OneDrive\Documents\Github\DEER-Prototypes-EnergyPlus\templates\energyplus\templates\irrigation.idf            
C:\Users\rkbak\OneDrive\Documents\Github\DEER-Prototypes-EnergyPlus\templates\energyplus\templates\ref-walkin.idf
C:\Users\rkbak\OneDrive\Documents\Github\DEER-Prototypes-EnergyPlus\templates\energyplus\templates\entry-infil.idf           
C:\Users\rkbak\OneDrive\Documents\Github\DEER-Prototypes-EnergyPlus\templates\energyplus\templates\output-insol.idf          
C:\Users\rkbak\OneDrive\Documents\Github\DEER-Prototypes-EnergyPlus\templates\energyplus\templates\ref-zone.idf
C:\Users\rkbak\OneDrive\Documents\Github\DEER-Prototypes-EnergyPlus\templates\energyplus\templates\ext-equip.idf             
C:\Users\rkbak\OneDrive\Documents\Github\DEER-Prototypes-EnergyPlus\templates\energyplus\templates\output.idf                
C:\Users\rkbak\OneDrive\Documents\Github\DEER-Prototypes-EnergyPlus\templates\energyplus\templates\transformer.idf
C:\Users\rkbak\OneDrive\Documents\Github\DEER-Prototypes-EnergyPlus\templates\energyplus\templates\ext-light.idf             
C:\Users\rkbak\OneDrive\Documents\Github\DEER-Prototypes-EnergyPlus\templates\energyplus\templates\ref-case.idf              
C:\Users\rkbak\OneDrive\Documents\Github\DEER-Prototypes-EnergyPlus\templates\energyplus\templates\fluid-properties.idf      
C:\Users\rkbak\OneDrive\Documents\Github\DEER-Prototypes-EnergyPlus\templates\energyplus\templates\ref-chiller-curve.idf     
C:\Users\rkbak\OneDrive\Documents\Github\DEER-Prototypes-EnergyPlus\templates\energyplus\templates\zonemixing.idf
C:\Users\rkbak\OneDrive\Documents\Github\DEER-Prototypes-EnergyPlus\templates\energyplus\templates\fluidproperties-r22.idf   
C:\Users\rkbak\OneDrive\Documents\Github\DEER-Prototypes-EnergyPlus\templates\energyplus\templates\ref-chiller.idf           
C:\Users\rkbak\OneDrive\Documents\Github\DEER-Prototypes-EnergyPlus\templates\energyplus\templates\foundation.idf            
C:\Users\rkbak\OneDrive\Documents\Github\DEER-Prototypes-EnergyPlus\templates\energyplus\templates\ref-comp.idf              
