C:\git\DEER-Prototypes\RB-Fork\templates\energyplus\version2520\constructions.idf         
C:\git\DEER-Prototypes\RB-Fork\templates\energyplus\version2520\custom.idf               
C:\git\DEER-Prototypes\RB-Fork\templates\energyplus\version2520\general.idf               
C:\git\DEER-Prototypes\RB-Fork\templates\energyplus\version2520\ref-sys-comp.idf
C:\git\DEER-Prototypes\RB-Fork\templates\energyplus\version2520\crossmixing.idf           
C:\git\DEER-Prototypes\RB-Fork\templates\energyplus\version2520\holidays.idf              
C:\git\DEER-Prototypes\RB-Fork\templates\energyplus\version2520\ref-sys.idf
C:\git\DEER-Prototypes\RB-Fork\templates\energyplus\version2520\daylight-controls.idf     
C:\git\DEER-Prototypes\RB-Fork\templates\energyplus\version2520\irrigation.idf            
C:\git\DEER-Prototypes\RB-Fork\templates\energyplus\version2520\ref-walkin.idf
C:\git\DEER-Prototypes\RB-Fork\templates\energyplus\version2520\entry-infil.idf           
C:\git\DEER-Prototypes\RB-Fork\templates\energyplus\version2520\output-insol.idf          
C:\git\DEER-Prototypes\RB-Fork\templates\energyplus\version2520\ref-zone.idf
C:\git\DEER-Prototypes\RB-Fork\templates\energyplus\version2520\ext-equip.idf             
C:\git\DEER-Prototypes\RB-Fork\templates\energyplus\version2520\output.idf                
C:\git\DEER-Prototypes\RB-Fork\templates\energyplus\version2520\transformer.idf
C:\git\DEER-Prototypes\RB-Fork\templates\energyplus\version2520\ext-light.idf             
C:\git\DEER-Prototypes\RB-Fork\templates\energyplus\version2520\ref-case.idf              
C:\git\DEER-Prototypes\RB-Fork\templates\energyplus\version2520\fluid-properties.idf      
C:\git\DEER-Prototypes\RB-Fork\templates\energyplus\version2520\ref-chiller-curve.idf     
C:\git\DEER-Prototypes\RB-Fork\templates\energyplus\version2520\zonemixing.idf
C:\git\DEER-Prototypes\RB-Fork\templates\energyplus\version2520\fluidproperties-r22.idf   
C:\git\DEER-Prototypes\RB-Fork\templates\energyplus\version2520\ref-chiller.idf           
C:\git\DEER-Prototypes\RB-Fork\templates\energyplus\version2520\foundation.idf            
C:\git\DEER-Prototypes\RB-Fork\templates\energyplus\version2520\ref-comp.idf              
C:\git\DEER-Prototypes\RB-Fork\templates\energyplus\version2520\zoneloads\zonetemplate.idf
C:\git\DEER-Prototypes\RB-Fork\templates\energyplus\version2520\zonehvac\atu.idf         
C:\git\DEER-Prototypes\RB-Fork\templates\energyplus\version2520\zonehvac\hvac-zone.idf   
C:\git\DEER-Prototypes\RB-Fork\templates\energyplus\version2520\zonehvac\vrf.idf         
C:\git\DEER-Prototypes\RB-Fork\templates\energyplus\version2520\system\ahu.idf                 
C:\git\DEER-Prototypes\RB-Fork\templates\energyplus\version2520\system\graywaterrecycle.idf    
C:\git\DEER-Prototypes\RB-Fork\templates\energyplus\version2520\system\sourcewater.idf
C:\git\DEER-Prototypes\RB-Fork\templates\energyplus\version2520\system\chw.idf                 
C:\git\DEER-Prototypes\RB-Fork\templates\energyplus\version2520\system\groundloophx.idf        
C:\git\DEER-Prototypes\RB-Fork\templates\energyplus\version2520\system\unitary.idf
C:\git\DEER-Prototypes\RB-Fork\templates\energyplus\version2520\system\clearwaterharvest.idf   
C:\git\DEER-Prototypes\RB-Fork\templates\energyplus\version2520\system\hw.idf                  
C:\git\DEER-Prototypes\RB-Fork\templates\energyplus\version2520\system\vrfc.idf
C:\git\DEER-Prototypes\RB-Fork\templates\energyplus\version2520\system\cw.idf                  
C:\git\DEER-Prototypes\RB-Fork\templates\energyplus\version2520\system\rac.idf                 
C:\git\DEER-Prototypes\RB-Fork\templates\energyplus\version2520\system\dhw.idf                 
C:\git\DEER-Prototypes\RB-Fork\templates\energyplus\version2520\system\solarhotwater.idf       