C:\git\DEER-Prototypes\RB-Fork\templates\energyplus\version2310\constructions.idf         
C:\git\DEER-Prototypes\RB-Fork\templates\energyplus\version2310\custom.idf               
C:\git\DEER-Prototypes\RB-Fork\templates\energyplus\version2310\general.idf               
C:\git\DEER-Prototypes\RB-Fork\templates\energyplus\version2310\ref-sys-comp.idf
C:\git\DEER-Prototypes\RB-Fork\templates\energyplus\version2310\crossmixing.idf           
C:\git\DEER-Prototypes\RB-Fork\templates\energyplus\version2310\holidays.idf              
C:\git\DEER-Prototypes\RB-Fork\templates\energyplus\version2310\ref-sys.idf
C:\git\DEER-Prototypes\RB-Fork\templates\energyplus\version2310\daylight-controls.idf     
C:\git\DEER-Prototypes\RB-Fork\templates\energyplus\version2310\irrigation.idf            
C:\git\DEER-Prototypes\RB-Fork\templates\energyplus\version2310\ref-walkin.idf
C:\git\DEER-Prototypes\RB-Fork\templates\energyplus\version2310\entry-infil.idf           
C:\git\DEER-Prototypes\RB-Fork\templates\energyplus\version2310\output-insol.idf          
C:\git\DEER-Prototypes\RB-Fork\templates\energyplus\version2310\ref-zone.idf
C:\git\DEER-Prototypes\RB-Fork\templates\energyplus\version2310\ext-equip.idf             
C:\git\DEER-Prototypes\RB-Fork\templates\energyplus\version2310\output.idf                
C:\git\DEER-Prototypes\RB-Fork\templates\energyplus\version2310\transformer.idf
C:\git\DEER-Prototypes\RB-Fork\templates\energyplus\version2310\ext-light.idf             
C:\git\DEER-Prototypes\RB-Fork\templates\energyplus\version2310\ref-case.idf              
C:\git\DEER-Prototypes\RB-Fork\templates\energyplus\version2310\fluid-properties.idf      
C:\git\DEER-Prototypes\RB-Fork\templates\energyplus\version2310\ref-chiller-curve.idf     
C:\git\DEER-Prototypes\RB-Fork\templates\energyplus\version2310\zonemixing.idf
C:\git\DEER-Prototypes\RB-Fork\templates\energyplus\version2310\fluidproperties-r22.idf   
C:\git\DEER-Prototypes\RB-Fork\templates\energyplus\version2310\ref-chiller.idf           
C:\git\DEER-Prototypes\RB-Fork\templates\energyplus\version2310\foundation.idf            
C:\git\DEER-Prototypes\RB-Fork\templates\energyplus\version2310\ref-comp.idf              
C:\git\DEER-Prototypes\RB-Fork\templates\energyplus\version2310\zoneloads\zonetemplate.idf
C:\git\DEER-Prototypes\RB-Fork\templates\energyplus\version2310\zonehvac\atu.idf         
C:\git\DEER-Prototypes\RB-Fork\templates\energyplus\version2310\zonehvac\hvac-zone.idf   
C:\git\DEER-Prototypes\RB-Fork\templates\energyplus\version2310\zonehvac\vrf.idf         
C:\git\DEER-Prototypes\RB-Fork\templates\energyplus\version2310\system\ahu.idf                 
C:\git\DEER-Prototypes\RB-Fork\templates\energyplus\version2310\system\graywaterrecycle.idf    
C:\git\DEER-Prototypes\RB-Fork\templates\energyplus\version2310\system\sourcewater.idf
C:\git\DEER-Prototypes\RB-Fork\templates\energyplus\version2310\system\chw.idf                 
C:\git\DEER-Prototypes\RB-Fork\templates\energyplus\version2310\system\groundloophx.idf        
C:\git\DEER-Prototypes\RB-Fork\templates\energyplus\version2310\system\unitary.idf
C:\git\DEER-Prototypes\RB-Fork\templates\energyplus\version2310\system\clearwaterharvest.idf   
C:\git\DEER-Prototypes\RB-Fork\templates\energyplus\version2310\system\hw.idf                  
C:\git\DEER-Prototypes\RB-Fork\templates\energyplus\version2310\system\vrfc.idf
C:\git\DEER-Prototypes\RB-Fork\templates\energyplus\version2310\system\cw.idf                  
C:\git\DEER-Prototypes\RB-Fork\templates\energyplus\version2310\system\rac.idf                 
C:\git\DEER-Prototypes\RB-Fork\templates\energyplus\version2310\system\dhw.idf                 
C:\git\DEER-Prototypes\RB-Fork\templates\energyplus\version2310\system\solarhotwater.idf       