 C:\Users\rkbak\OneDrive\Documents\Github\DEER-Prototypes-EnergyPlus\prototypes\Asm\Templates\geometry.idf   
 C:\Users\rkbak\OneDrive\Documents\Github\DEER-Prototypes-EnergyPlus\prototypes\ECC\Templates\geometry.idf   
 C:\Users\rkbak\OneDrive\Documents\Github\DEER-Prototypes-EnergyPlus\prototypes\EPr\Templates\geometry.idf   
 C:\Users\rkbak\OneDrive\Documents\Github\DEER-Prototypes-EnergyPlus\prototypes\ERC\Templates\geometry.idf   
 C:\Users\rkbak\OneDrive\Documents\Github\DEER-Prototypes-EnergyPlus\prototypes\ESe\Templates\geometry.idf   
 C:\Users\rkbak\OneDrive\Documents\Github\DEER-Prototypes-EnergyPlus\prototypes\EUn\Templates\geometry.idf   
 C:\Users\rkbak\OneDrive\Documents\Github\DEER-Prototypes-EnergyPlus\prototypes\Fin\Templates\geometry.idf   
 C:\Users\rkbak\OneDrive\Documents\Github\DEER-Prototypes-EnergyPlus\prototypes\Gro\Templates\geometry.idf   
 C:\Users\rkbak\OneDrive\Documents\Github\DEER-Prototypes-EnergyPlus\prototypes\Hsp\Templates\geometry.idf   
 C:\Users\rkbak\OneDrive\Documents\Github\DEER-Prototypes-EnergyPlus\prototypes\Htl\Templates\geometry.idf   
 C:\Users\rkbak\OneDrive\Documents\Github\DEER-Prototypes-EnergyPlus\prototypes\Lib\Templates\geometry.idf   
 C:\Users\rkbak\OneDrive\Documents\Github\DEER-Prototypes-EnergyPlus\prototypes\MBT\Templates\geometry.idf   
 C:\Users\rkbak\OneDrive\Documents\Github\DEER-Prototypes-EnergyPlus\prototypes\MLI\Templates\geometry.idf   
 C:\Users\rkbak\OneDrive\Documents\Github\DEER-Prototypes-EnergyPlus\prototypes\Mtl\Templates\geometry.idf   
 C:\Users\rkbak\OneDrive\Documents\Github\DEER-Prototypes-EnergyPlus\prototypes\Nrs\Templates\geometry.idf   
 C:\Users\rkbak\OneDrive\Documents\Github\DEER-Prototypes-EnergyPlus\prototypes\OfL\Templates\geometry.idf   
 C:\Users\rkbak\OneDrive\Documents\Github\DEER-Prototypes-EnergyPlus\prototypes\OfS\Templates\geometry.idf   
 C:\Users\rkbak\OneDrive\Documents\Github\DEER-Prototypes-EnergyPlus\prototypes\Rel\Templates\geometry.idf   
 C:\Users\rkbak\OneDrive\Documents\Github\DEER-Prototypes-EnergyPlus\prototypes\RFF\Templates\geometry.idf   
 C:\Users\rkbak\OneDrive\Documents\Github\DEER-Prototypes-EnergyPlus\prototypes\RSD\Templates\geometry.idf   
 C:\Users\rkbak\OneDrive\Documents\Github\DEER-Prototypes-EnergyPlus\prototypes\Rt3\Templates\geometry.idf   
 C:\Users\rkbak\OneDrive\Documents\Github\DEER-Prototypes-EnergyPlus\prototypes\RtL\Templates\geometry.idf   
 C:\Users\rkbak\OneDrive\Documents\Github\DEER-Prototypes-EnergyPlus\prototypes\RtS\Templates\geometry.idf   
 C:\Users\rkbak\OneDrive\Documents\Github\DEER-Prototypes-EnergyPlus\prototypes\SCn\Templates\geometry.idf   
 C:\Users\rkbak\OneDrive\Documents\Github\DEER-Prototypes-EnergyPlus\prototypes\SUn\Templates\geometry.idf   
 C:\Users\rkbak\OneDrive\Documents\Github\DEER-Prototypes-EnergyPlus\prototypes\WRf\Templates\geometry.idf   
